eol_pk,trait_eol_pk,predicate,literal,measurement,value_uri,units,sex,lifestage,statistical_method,source,is_external
OccurrenceMetadatum-100000,R50-PK700000,http://rs.tdwg.org/dwc/terms/locality,Canada basin,,,,,,,,true
