eol_pk,page_id,scientific_name,resource_pk,predicate,sex,lifestage,statistical_method,object_page_id,target_scientific_name,value_uri,literal,measurement,units,normal_measurement,normal_units_uri,sample_size,citation,source,remarks,method,contributor_uri,compiler_uri,determined_by_uri
