eol_pk,trait_eol_pk,predicate,literal,measurement,value_uri,units,sex,lifestage,statistical_method,source,is_external
